00:14:41 **** Incremental Build of configuration Debug for project FreeRTOS_Learn ****
make -j4 all 
arm-none-eabi-gcc "../ThirdParty/FreeRTOS_V202012_00/portable/MemMang/heap_4.c" -mcpu=cortex-m4 -std=gnu11 -g3 -DDEBUG -DUSE_HAL_DRIVER -DSTM32F407xx -c -I../Core/Inc -I"E:/00_Git/RTOS/FreeRTOS_STM32/FreeRTOS_Learn/ThirdParty/FreeRTOS_V202012_00" -I"E:/00_Git/RTOS/FreeRTOS_STM32/FreeRTOS_Learn/ThirdParty" -I"E:/00_Git/RTOS/FreeRTOS_STM32/FreeRTOS_Learn/ThirdParty/FreeRTOS_V202012_00/include" -I"E:/00_Git/RTOS/FreeRTOS_STM32/FreeRTOS_Learn/ThirdParty/FreeRTOS_V202012_00/License" -I"E:/00_Git/RTOS/FreeRTOS_STM32/FreeRTOS_Learn/ThirdParty/FreeRTOS_V202012_00/portable" -I"E:/00_Git/RTOS/FreeRTOS_STM32/FreeRTOS_Learn/ThirdParty/FreeRTOS_V202012_00/portable/GCC" -I"E:/00_Git/RTOS/FreeRTOS_STM32/FreeRTOS_Learn/ThirdParty/FreeRTOS_V202012_00/portable/GCC/ARM_CM4F" -I"E:/00_Git/RTOS/FreeRTOS_STM32/FreeRTOS_Learn/ThirdParty/FreeRTOS_V202012_00/portable/MemMang" -I../Drivers/STM32F4xx_HAL_Driver/Inc -I../Drivers/STM32F4xx_HAL_Driver/Inc/Legacy -I../Drivers/CMSIS/Device/ST/STM32F4xx/Include -I../Drivers/CMSIS/Include -O0 -ffunction-sections -fdata-sections -Wall -fstack-usage -MMD -MP -MF"ThirdParty/FreeRTOS_V202012_00/portable/MemMang/heap_4.d" -MT"ThirdParty/FreeRTOS_V202012_00/portable/MemMang/heap_4.o" --specs=nano.specs -mfpu=fpv4-sp-d16 -mfloat-abi=hard -mthumb -o "ThirdParty/FreeRTOS_V202012_00/portable/MemMang/heap_4.o"
arm-none-eabi-gcc "../ThirdParty/FreeRTOS_V202012_00/portable/GCC/ARM_CM4F/port.c" -mcpu=cortex-m4 -std=gnu11 -g3 -DDEBUG -DUSE_HAL_DRIVER -DSTM32F407xx -c -I../Core/Inc -I"E:/00_Git/RTOS/FreeRTOS_STM32/FreeRTOS_Learn/ThirdParty/FreeRTOS_V202012_00" -I"E:/00_Git/RTOS/FreeRTOS_STM32/FreeRTOS_Learn/ThirdParty" -I"E:/00_Git/RTOS/FreeRTOS_STM32/FreeRTOS_Learn/ThirdParty/FreeRTOS_V202012_00/include" -I"E:/00_Git/RTOS/FreeRTOS_STM32/FreeRTOS_Learn/ThirdParty/FreeRTOS_V202012_00/License" -I"E:/00_Git/RTOS/FreeRTOS_STM32/FreeRTOS_Learn/ThirdParty/FreeRTOS_V202012_00/portable" -I"E:/00_Git/RTOS/FreeRTOS_STM32/FreeRTOS_Learn/ThirdParty/FreeRTOS_V202012_00/portable/GCC" -I"E:/00_Git/RTOS/FreeRTOS_STM32/FreeRTOS_Learn/ThirdParty/FreeRTOS_V202012_00/portable/GCC/ARM_CM4F" -I"E:/00_Git/RTOS/FreeRTOS_STM32/FreeRTOS_Learn/ThirdParty/FreeRTOS_V202012_00/portable/MemMang" -I../Drivers/STM32F4xx_HAL_Driver/Inc -I../Drivers/STM32F4xx_HAL_Driver/Inc/Legacy -I../Drivers/CMSIS/Device/ST/STM32F4xx/Include -I../Drivers/CMSIS/Include -O0 -ffunction-sections -fdata-sections -Wall -fstack-usage -MMD -MP -MF"ThirdParty/FreeRTOS_V202012_00/portable/GCC/ARM_CM4F/port.d" -MT"ThirdParty/FreeRTOS_V202012_00/portable/GCC/ARM_CM4F/port.o" --specs=nano.specs -mfpu=fpv4-sp-d16 -mfloat-abi=hard -mthumb -o "ThirdParty/FreeRTOS_V202012_00/portable/GCC/ARM_CM4F/port.o"
arm-none-eabi-gcc "../ThirdParty/FreeRTOS_V202012_00/croutine.c" -mcpu=cortex-m4 -std=gnu11 -g3 -DDEBUG -DUSE_HAL_DRIVER -DSTM32F407xx -c -I../Core/Inc -I"E:/00_Git/RTOS/FreeRTOS_STM32/FreeRTOS_Learn/ThirdParty/FreeRTOS_V202012_00" -I"E:/00_Git/RTOS/FreeRTOS_STM32/FreeRTOS_Learn/ThirdParty" -I"E:/00_Git/RTOS/FreeRTOS_STM32/FreeRTOS_Learn/ThirdParty/FreeRTOS_V202012_00/include" -I"E:/00_Git/RTOS/FreeRTOS_STM32/FreeRTOS_Learn/ThirdParty/FreeRTOS_V202012_00/License" -I"E:/00_Git/RTOS/FreeRTOS_STM32/FreeRTOS_Learn/ThirdParty/FreeRTOS_V202012_00/portable" -I"E:/00_Git/RTOS/FreeRTOS_STM32/FreeRTOS_Learn/ThirdParty/FreeRTOS_V202012_00/portable/GCC" -I"E:/00_Git/RTOS/FreeRTOS_STM32/FreeRTOS_Learn/ThirdParty/FreeRTOS_V202012_00/portable/GCC/ARM_CM4F" -I"E:/00_Git/RTOS/FreeRTOS_STM32/FreeRTOS_Learn/ThirdParty/FreeRTOS_V202012_00/portable/MemMang" -I../Drivers/STM32F4xx_HAL_Driver/Inc -I../Drivers/STM32F4xx_HAL_Driver/Inc/Legacy -I../Drivers/CMSIS/Device/ST/STM32F4xx/Include -I../Drivers/CMSIS/Include -O0 -ffunction-sections -fdata-sections -Wall -fstack-usage -MMD -MP -MF"ThirdParty/FreeRTOS_V202012_00/croutine.d" -MT"ThirdParty/FreeRTOS_V202012_00/croutine.o" --specs=nano.specs -mfpu=fpv4-sp-d16 -mfloat-abi=hard -mthumb -o "ThirdParty/FreeRTOS_V202012_00/croutine.o"
arm-none-eabi-gcc "../ThirdParty/FreeRTOS_V202012_00/event_groups.c" -mcpu=cortex-m4 -std=gnu11 -g3 -DDEBUG -DUSE_HAL_DRIVER -DSTM32F407xx -c -I../Core/Inc -I"E:/00_Git/RTOS/FreeRTOS_STM32/FreeRTOS_Learn/ThirdParty/FreeRTOS_V202012_00" -I"E:/00_Git/RTOS/FreeRTOS_STM32/FreeRTOS_Learn/ThirdParty" -I"E:/00_Git/RTOS/FreeRTOS_STM32/FreeRTOS_Learn/ThirdParty/FreeRTOS_V202012_00/include" -I"E:/00_Git/RTOS/FreeRTOS_STM32/FreeRTOS_Learn/ThirdParty/FreeRTOS_V202012_00/License" -I"E:/00_Git/RTOS/FreeRTOS_STM32/FreeRTOS_Learn/ThirdParty/FreeRTOS_V202012_00/portable" -I"E:/00_Git/RTOS/FreeRTOS_STM32/FreeRTOS_Learn/ThirdParty/FreeRTOS_V202012_00/portable/GCC" -I"E:/00_Git/RTOS/FreeRTOS_STM32/FreeRTOS_Learn/ThirdParty/FreeRTOS_V202012_00/portable/GCC/ARM_CM4F" -I"E:/00_Git/RTOS/FreeRTOS_STM32/FreeRTOS_Learn/ThirdParty/FreeRTOS_V202012_00/portable/MemMang" -I../Drivers/STM32F4xx_HAL_Driver/Inc -I../Drivers/STM32F4xx_HAL_Driver/Inc/Legacy -I../Drivers/CMSIS/Device/ST/STM32F4xx/Include -I../Drivers/CMSIS/Include -O0 -ffunction-sections -fdata-sections -Wall -fstack-usage -MMD -MP -MF"ThirdParty/FreeRTOS_V202012_00/event_groups.d" -MT"ThirdParty/FreeRTOS_V202012_00/event_groups.o" --specs=nano.specs -mfpu=fpv4-sp-d16 -mfloat-abi=hard -mthumb -o "ThirdParty/FreeRTOS_V202012_00/event_groups.o"
arm-none-eabi-gcc "../ThirdParty/FreeRTOS_V202012_00/list.c" -mcpu=cortex-m4 -std=gnu11 -g3 -DDEBUG -DUSE_HAL_DRIVER -DSTM32F407xx -c -I../Core/Inc -I"E:/00_Git/RTOS/FreeRTOS_STM32/FreeRTOS_Learn/ThirdParty/FreeRTOS_V202012_00" -I"E:/00_Git/RTOS/FreeRTOS_STM32/FreeRTOS_Learn/ThirdParty" -I"E:/00_Git/RTOS/FreeRTOS_STM32/FreeRTOS_Learn/ThirdParty/FreeRTOS_V202012_00/include" -I"E:/00_Git/RTOS/FreeRTOS_STM32/FreeRTOS_Learn/ThirdParty/FreeRTOS_V202012_00/License" -I"E:/00_Git/RTOS/FreeRTOS_STM32/FreeRTOS_Learn/ThirdParty/FreeRTOS_V202012_00/portable" -I"E:/00_Git/RTOS/FreeRTOS_STM32/FreeRTOS_Learn/ThirdParty/FreeRTOS_V202012_00/portable/GCC" -I"E:/00_Git/RTOS/FreeRTOS_STM32/FreeRTOS_Learn/ThirdParty/FreeRTOS_V202012_00/portable/GCC/ARM_CM4F" -I"E:/00_Git/RTOS/FreeRTOS_STM32/FreeRTOS_Learn/ThirdParty/FreeRTOS_V202012_00/portable/MemMang" -I../Drivers/STM32F4xx_HAL_Driver/Inc -I../Drivers/STM32F4xx_HAL_Driver/Inc/Legacy -I../Drivers/CMSIS/Device/ST/STM32F4xx/Include -I../Drivers/CMSIS/Include -O0 -ffunction-sections -fdata-sections -Wall -fstack-usage -MMD -MP -MF"ThirdParty/FreeRTOS_V202012_00/list.d" -MT"ThirdParty/FreeRTOS_V202012_00/list.o" --specs=nano.specs -mfpu=fpv4-sp-d16 -mfloat-abi=hard -mthumb -o "ThirdParty/FreeRTOS_V202012_00/list.o"
arm-none-eabi-gcc "../ThirdParty/FreeRTOS_V202012_00/queue.c" -mcpu=cortex-m4 -std=gnu11 -g3 -DDEBUG -DUSE_HAL_DRIVER -DSTM32F407xx -c -I../Core/Inc -I"E:/00_Git/RTOS/FreeRTOS_STM32/FreeRTOS_Learn/ThirdParty/FreeRTOS_V202012_00" -I"E:/00_Git/RTOS/FreeRTOS_STM32/FreeRTOS_Learn/ThirdParty" -I"E:/00_Git/RTOS/FreeRTOS_STM32/FreeRTOS_Learn/ThirdParty/FreeRTOS_V202012_00/include" -I"E:/00_Git/RTOS/FreeRTOS_STM32/FreeRTOS_Learn/ThirdParty/FreeRTOS_V202012_00/License" -I"E:/00_Git/RTOS/FreeRTOS_STM32/FreeRTOS_Learn/ThirdParty/FreeRTOS_V202012_00/portable" -I"E:/00_Git/RTOS/FreeRTOS_STM32/FreeRTOS_Learn/ThirdParty/FreeRTOS_V202012_00/portable/GCC" -I"E:/00_Git/RTOS/FreeRTOS_STM32/FreeRTOS_Learn/ThirdParty/FreeRTOS_V202012_00/portable/GCC/ARM_CM4F" -I"E:/00_Git/RTOS/FreeRTOS_STM32/FreeRTOS_Learn/ThirdParty/FreeRTOS_V202012_00/portable/MemMang" -I../Drivers/STM32F4xx_HAL_Driver/Inc -I../Drivers/STM32F4xx_HAL_Driver/Inc/Legacy -I../Drivers/CMSIS/Device/ST/STM32F4xx/Include -I../Drivers/CMSIS/Include -O0 -ffunction-sections -fdata-sections -Wall -fstack-usage -MMD -MP -MF"ThirdParty/FreeRTOS_V202012_00/queue.d" -MT"ThirdParty/FreeRTOS_V202012_00/queue.o" --specs=nano.specs -mfpu=fpv4-sp-d16 -mfloat-abi=hard -mthumb -o "ThirdParty/FreeRTOS_V202012_00/queue.o"
arm-none-eabi-gcc "../ThirdParty/FreeRTOS_V202012_00/stream_buffer.c" -mcpu=cortex-m4 -std=gnu11 -g3 -DDEBUG -DUSE_HAL_DRIVER -DSTM32F407xx -c -I../Core/Inc -I"E:/00_Git/RTOS/FreeRTOS_STM32/FreeRTOS_Learn/ThirdParty/FreeRTOS_V202012_00" -I"E:/00_Git/RTOS/FreeRTOS_STM32/FreeRTOS_Learn/ThirdParty" -I"E:/00_Git/RTOS/FreeRTOS_STM32/FreeRTOS_Learn/ThirdParty/FreeRTOS_V202012_00/include" -I"E:/00_Git/RTOS/FreeRTOS_STM32/FreeRTOS_Learn/ThirdParty/FreeRTOS_V202012_00/License" -I"E:/00_Git/RTOS/FreeRTOS_STM32/FreeRTOS_Learn/ThirdParty/FreeRTOS_V202012_00/portable" -I"E:/00_Git/RTOS/FreeRTOS_STM32/FreeRTOS_Learn/ThirdParty/FreeRTOS_V202012_00/portable/GCC" -I"E:/00_Git/RTOS/FreeRTOS_STM32/FreeRTOS_Learn/ThirdParty/FreeRTOS_V202012_00/portable/GCC/ARM_CM4F" -I"E:/00_Git/RTOS/FreeRTOS_STM32/FreeRTOS_Learn/ThirdParty/FreeRTOS_V202012_00/portable/MemMang" -I../Drivers/STM32F4xx_HAL_Driver/Inc -I../Drivers/STM32F4xx_HAL_Driver/Inc/Legacy -I../Drivers/CMSIS/Device/ST/STM32F4xx/Include -I../Drivers/CMSIS/Include -O0 -ffunction-sections -fdata-sections -Wall -fstack-usage -MMD -MP -MF"ThirdParty/FreeRTOS_V202012_00/stream_buffer.d" -MT"ThirdParty/FreeRTOS_V202012_00/stream_buffer.o" --specs=nano.specs -mfpu=fpv4-sp-d16 -mfloat-abi=hard -mthumb -o "ThirdParty/FreeRTOS_V202012_00/stream_buffer.o"
arm-none-eabi-gcc "../ThirdParty/FreeRTOS_V202012_00/tasks.c" -mcpu=cortex-m4 -std=gnu11 -g3 -DDEBUG -DUSE_HAL_DRIVER -DSTM32F407xx -c -I../Core/Inc -I"E:/00_Git/RTOS/FreeRTOS_STM32/FreeRTOS_Learn/ThirdParty/FreeRTOS_V202012_00" -I"E:/00_Git/RTOS/FreeRTOS_STM32/FreeRTOS_Learn/ThirdParty" -I"E:/00_Git/RTOS/FreeRTOS_STM32/FreeRTOS_Learn/ThirdParty/FreeRTOS_V202012_00/include" -I"E:/00_Git/RTOS/FreeRTOS_STM32/FreeRTOS_Learn/ThirdParty/FreeRTOS_V202012_00/License" -I"E:/00_Git/RTOS/FreeRTOS_STM32/FreeRTOS_Learn/ThirdParty/FreeRTOS_V202012_00/portable" -I"E:/00_Git/RTOS/FreeRTOS_STM32/FreeRTOS_Learn/ThirdParty/FreeRTOS_V202012_00/portable/GCC" -I"E:/00_Git/RTOS/FreeRTOS_STM32/FreeRTOS_Learn/ThirdParty/FreeRTOS_V202012_00/portable/GCC/ARM_CM4F" -I"E:/00_Git/RTOS/FreeRTOS_STM32/FreeRTOS_Learn/ThirdParty/FreeRTOS_V202012_00/portable/MemMang" -I../Drivers/STM32F4xx_HAL_Driver/Inc -I../Drivers/STM32F4xx_HAL_Driver/Inc/Legacy -I../Drivers/CMSIS/Device/ST/STM32F4xx/Include -I../Drivers/CMSIS/Include -O0 -ffunction-sections -fdata-sections -Wall -fstack-usage -MMD -MP -MF"ThirdParty/FreeRTOS_V202012_00/tasks.d" -MT"ThirdParty/FreeRTOS_V202012_00/tasks.o" --specs=nano.specs -mfpu=fpv4-sp-d16 -mfloat-abi=hard -mthumb -o "ThirdParty/FreeRTOS_V202012_00/tasks.o"
arm-none-eabi-gcc "../ThirdParty/FreeRTOS_V202012_00/timers.c" -mcpu=cortex-m4 -std=gnu11 -g3 -DDEBUG -DUSE_HAL_DRIVER -DSTM32F407xx -c -I../Core/Inc -I"E:/00_Git/RTOS/FreeRTOS_STM32/FreeRTOS_Learn/ThirdParty/FreeRTOS_V202012_00" -I"E:/00_Git/RTOS/FreeRTOS_STM32/FreeRTOS_Learn/ThirdParty" -I"E:/00_Git/RTOS/FreeRTOS_STM32/FreeRTOS_Learn/ThirdParty/FreeRTOS_V202012_00/include" -I"E:/00_Git/RTOS/FreeRTOS_STM32/FreeRTOS_Learn/ThirdParty/FreeRTOS_V202012_00/License" -I"E:/00_Git/RTOS/FreeRTOS_STM32/FreeRTOS_Learn/ThirdParty/FreeRTOS_V202012_00/portable" -I"E:/00_Git/RTOS/FreeRTOS_STM32/FreeRTOS_Learn/ThirdParty/FreeRTOS_V202012_00/portable/GCC" -I"E:/00_Git/RTOS/FreeRTOS_STM32/FreeRTOS_Learn/ThirdParty/FreeRTOS_V202012_00/portable/GCC/ARM_CM4F" -I"E:/00_Git/RTOS/FreeRTOS_STM32/FreeRTOS_Learn/ThirdParty/FreeRTOS_V202012_00/portable/MemMang" -I../Drivers/STM32F4xx_HAL_Driver/Inc -I../Drivers/STM32F4xx_HAL_Driver/Inc/Legacy -I../Drivers/CMSIS/Device/ST/STM32F4xx/Include -I../Drivers/CMSIS/Include -O0 -ffunction-sections -fdata-sections -Wall -fstack-usage -MMD -MP -MF"ThirdParty/FreeRTOS_V202012_00/timers.d" -MT"ThirdParty/FreeRTOS_V202012_00/timers.o" --specs=nano.specs -mfpu=fpv4-sp-d16 -mfloat-abi=hard -mthumb -o "ThirdParty/FreeRTOS_V202012_00/timers.o"
arm-none-eabi-gcc -o "FreeRTOS_Learn.elf" @"objects.list"   -mcpu=cortex-m4 -T"E:\00_Git\RTOS\FreeRTOS_STM32\FreeRTOS_Learn\STM32F407VGTX_FLASH.ld" --specs=nosys.specs -Wl,-Map="FreeRTOS_Learn.map" -Wl,--gc-sections -static --specs=nano.specs -mfpu=fpv4-sp-d16 -mfloat-abi=hard -mthumb -Wl,--start-group -lc -lm -Wl,--end-group
Finished building target: FreeRTOS_Learn.elf
 
arm-none-eabi-size   FreeRTOS_Learn.elf 
arm-none-eabi-objdump -h -S  FreeRTOS_Learn.elf  > "FreeRTOS_Learn.list"
   text	   data	    bss	    dec	    hex	filename
   7308	     20	   1708	   9036	   234c	FreeRTOS_Learn.elf
Finished building: default.size.stdout
 
Finished building: FreeRTOS_Learn.list
 

00:14:45 Build Finished. 0 errors, 0 warnings. (took 3s.861ms)

